  console.log
    Γ£à Environment variables validated

      at validateEnv (src/config/env.js:30:11)

node : (node:12080) ExperimentalWarning: VM Modules is an experimental feature 
and might change at any time
At line:1 char:1
+ node --experimental-vm-modules --env-file=../.env node_modules/jest/b ...
+ ~~~~~~~~~~~~~~~~~~~~~~~~~~~~~~~~~~~~~~~~~~~~~~~~~~~~~~~~~~~~~~~~~~~~~
    + CategoryInfo          : NotSpecified: ((node:12080) Ex...nge at any time 
   :String) [], RemoteException
    + FullyQualifiedErrorId : NativeCommandError
 
(Use `node --trace-warnings ...` to show where the warning was created)
  console.log
    Γ£à Redis connected

      at EventEmitter.<anonymous> (src/config/redis.js:9:45)

::ffff:127.0.0.1 - - [04/Mar/2026:22:54:56 +0000] "POST /api/auth/register HTTP/1.1" 201 960 "-" "-"
  console.log
    Queued embedding job for post 191757e4-3123-475e-a3a9-09d7691ce432

      at queueEmbeddingGeneration (src/jobs/embeddingQueue.js:21:11)

::ffff:127.0.0.1 - - [04/Mar/2026:22:54:56 +0000] "POST /api/posts HTTP/1.1" 201 631 "-" "-"
::ffff:127.0.0.1 - - [04/Mar/2026:22:54:56 +0000] "POST /api/posts HTTP/1.1" 400 194 "-" "-"
::ffff:127.0.0.1 - - [04/Mar/2026:22:54:56 +0000] "POST /api/posts HTTP/1.1" 401 33 "-" "-"
::ffff:127.0.0.1 - - [04/Mar/2026:22:54:56 +0000] "GET /api/posts/jest-post-1772664895243 HTTP/1.1" 200 845 "-" "-"
::ffff:127.0.0.1 - - [04/Mar/2026:22:54:56 +0000] "GET /api/posts/191757e4-3123-475e-a3a9-09d7691ce432 HTTP/1.1" 200 845 "-" "-"
::ffff:127.0.0.1 - - [04/Mar/2026:22:54:56 +0000] "GET /api/posts/this-slug-does-not-exist-xyz987 HTTP/1.1" 404 26 "-" "-"
::ffff:127.0.0.1 - - [04/Mar/2026:22:54:56 +0000] "GET /api/posts/my/drafts HTTP/1.1" 200 277 "-" "-"
::ffff:127.0.0.1 - - [04/Mar/2026:22:54:56 +0000] "GET /api/posts/my/drafts HTTP/1.1" 401 33 "-" "-"
  console.log
    Queued embedding job for post 191757e4-3123-475e-a3a9-09d7691ce432

      at queueEmbeddingGeneration (src/jobs/embeddingQueue.js:21:11)

::ffff:127.0.0.1 - - [04/Mar/2026:22:54:56 +0000] "PUT /api/posts/191757e4-3123-475e-a3a9-09d7691ce432 HTTP/1.1" 200 595 "-" "-"
::ffff:127.0.0.1 - - [04/Mar/2026:22:54:56 +0000] "PUT /api/posts/00000000-0000-4000-a000-000000000000 HTTP/1.1" 404 44 "-" "-"
::ffff:127.0.0.1 - - [04/Mar/2026:22:54:56 +0000] "POST /api/posts/191757e4-3123-475e-a3a9-09d7691ce432/publish HTTP/1.1" 200 621 "-" "-"
::ffff:127.0.0.1 - - [04/Mar/2026:22:54:56 +0000] "POST /api/posts/191757e4-3123-475e-a3a9-09d7691ce432/publish HTTP/1.1" 404 27 "-" "-"
::ffff:127.0.0.1 - - [04/Mar/2026:22:54:57 +0000] "GET /api/posts HTTP/1.1" 200 - "-" "-"
::ffff:127.0.0.1 - - [04/Mar/2026:22:54:58 +0000] "GET /api/posts HTTP/1.1" 200 - "-" "-"
::ffff:127.0.0.1 - - [04/Mar/2026:22:54:58 +0000] "GET /api/posts?page=1&limit=5 HTTP/1.1" 200 - "-" "-"
::ffff:127.0.0.1 - - [04/Mar/2026:22:54:58 +0000] "DELETE /api/posts/191757e4-3123-475e-a3a9-09d7691ce432 HTTP/1.1" 200 26 "-" "-"
::ffff:127.0.0.1 - - [04/Mar/2026:22:54:58 +0000] "DELETE /api/posts/191757e4-3123-475e-a3a9-09d7691ce432 HTTP/1.1" 404 44 "-" "-"
PASS src/__tests__/posts.test.js (6.338 s)
  POST /api/posts
    ΓêÜ 201 ΓÇö creates a draft post (115 ms)
    ΓêÜ 400 ΓÇö rejects post with empty title (28 ms)
    ΓêÜ 401 ΓÇö rejects unauthenticated creation (19 ms)
  GET /api/posts/:slug
    ΓêÜ 200 ΓÇö returns the post by slug (owner can see their own draft) (49 
ms)
    ΓêÜ 200 ΓÇö returns post by UUID (25 ms)
    ΓêÜ 404 ΓÇö returns 404 for unknown slug (22 ms)
  GET /api/posts/my/drafts
    ΓêÜ 200 ΓÇö returns the authenticated user's drafts (23 ms)
    ΓêÜ 401 ΓÇö rejects unauthenticated access (15 ms)
  PUT /api/posts/:id
    ΓêÜ 200 ΓÇö updates title and content (46 ms)
    ΓêÜ 404 ΓÇö returns 404 for a post the user does not own (21 ms)
  POST /api/posts/:id/publish
    ΓêÜ 200 ΓÇö publishes the draft (23 ms)
    ΓêÜ 404 ΓÇö cannot re-publish (post is no longer a draft) (20 ms)
  GET /api/posts
    ΓêÜ 200 ΓÇö returns paginated published posts list (1145 ms)
    ΓêÜ 200 ΓÇö the newly-published test post appears in the list (586 ms)
    ΓêÜ 200 ΓÇö pagination params are respected (605 ms)
  DELETE /api/posts/:id
    ΓêÜ 200 ΓÇö deletes the post (28 ms)
    ΓêÜ 404 ΓÇö double-delete returns 404 (16 ms)

  console.log
    Γ£à Environment variables validated

      at validateEnv (src/config/env.js:30:11)

  console.log
    Γ£à Redis connected

      at EventEmitter.<anonymous> (src/config/redis.js:9:45)

::ffff:127.0.0.1 - - [04/Mar/2026:22:55:00 +0000] "POST /api/auth/register HTTP/1.1" 201 968 "-" "-"
  console.log
    Queued embedding job for post 4d5161b0-4c5d-4d6d-bfa1-c79808548076

      at queueEmbeddingGeneration (src/jobs/embeddingQueue.js:21:11)

::ffff:127.0.0.1 - - [04/Mar/2026:22:55:00 +0000] "POST /api/posts HTTP/1.1" 201 787 "-" "-"
::ffff:127.0.0.1 - - [04/Mar/2026:22:55:00 +0000] "GET /api/search/keyword HTTP/1.1" 400 41 "-" "-"
  console.log
    [search] Γ£à keyword GIN query: 96ms

      at logTiming (src/services/searchService.js:7:11)

::ffff:127.0.0.1 - - [04/Mar/2026:22:55:01 +0000] "GET /api/search/keyword?q=neuralposttesttoken1772664900106 HTTP/1.1" 200 420 "-" "-"
::ffff:127.0.0.1 - - [04/Mar/2026:22:55:01 +0000] "GET /api/search/keyword?q=neuralposttesttoken1772664900106 HTTP/1.1" 200 420 "-" "-"
  console.log
    [search] Γ£à keyword GIN query: 9ms

      at logTiming (src/services/searchService.js:7:11)

::ffff:127.0.0.1 - - [04/Mar/2026:22:55:01 +0000] "GET /api/search/keyword?q=xyzzy_no_such_content_ever_12345 HTTP/1.1" 200 57 "-" "-"
::ffff:127.0.0.1 - - [04/Mar/2026:22:55:01 +0000] "GET /api/search/keyword?q=neuralposttesttoken1772664900106 HTTP/1.1" 200 420 "-" "-"
::ffff:127.0.0.1 - - [04/Mar/2026:22:55:01 +0000] "GET /api/search/semantic HTTP/1.1" 400 41 "-" "-"
  console.log
    [search] Γ£à keyword GIN query: 5ms

      at logTiming (src/services/searchService.js:7:11)

  console.warn
    [search] Slow query (222ms): search:semantic:javascript testing:100

    [0m [90m 40 |[39m
     [90m 41 |[39m   [36mif[39m (elapsed [33m>[39m [35m200[39m) {
    [31m[1m>[22m[39m[90m 42 |[39m     console[33m.[39mwarn([32m`[search] Slow query (${elapsed}ms): ${cacheKey}`[39m)[33m;[39m
     [90m    |[39m             [31m[1m^[22m[39m
     [90m 43 |[39m   }
     [90m 44 |[39m
     [90m 45 |[39m   [90m// Cache asynchronously ΓÇö don't block the response[39m[0m

      at cachedSearch (src/controllers/search.controller.js:42:13)
      at src/controllers/search.controller.js:56:19

::ffff:127.0.0.1 - - [04/Mar/2026:22:55:01 +0000] "GET /api/search/semantic?q=javascript%20testing HTTP/1.1" 200 43 "-" "-"
  console.log
    [search] Γ£à keyword GIN query: 79ms

      at logTiming (src/services/searchService.js:7:11)

::ffff:127.0.0.1 - - [04/Mar/2026:22:55:01 +0000] "GET /api/search/semantic?q=react%20hooks HTTP/1.1" 200 - "-" "-"
::ffff:127.0.0.1 - - [04/Mar/2026:22:55:01 +0000] "GET /api/search/hybrid HTTP/1.1" 400 41 "-" "-"
  console.log
    [search] ΓÜá∩╕Å  SLOW keyword GIN query: 350ms

      at logTiming (src/services/searchService.js:7:11)

  console.warn
    [search] Slow query (441ms): search:hybrid:machine learning:100

    [0m [90m 40 |[39m
     [90m 41 |[39m   [36mif[39m (elapsed [33m>[39m [35m200[39m) {
    [31m[1m>[22m[39m[90m 42 |[39m     console[33m.[39mwarn([32m`[search] Slow query (${elapsed}ms): ${cacheKey}`[39m)[33m;[39m
     [90m    |[39m             [31m[1m^[22m[39m
     [90m 43 |[39m   }
     [90m 44 |[39m
     [90m 45 |[39m   [90m// Cache asynchronously ΓÇö don't block the response[39m[0m

      at cachedSearch (src/controllers/search.controller.js:42:13)
      at src/controllers/search.controller.js:82:19

::ffff:127.0.0.1 - - [04/Mar/2026:22:55:02 +0000] "GET /api/search/hybrid?q=machine%20learning HTTP/1.1" 200 - "-" "-"
  console.log
    [search] Γ£à hybrid RRF query (DB portion): 119ms

      at logTiming (src/services/searchService.js:7:11)

  console.warn
    [search] Slow query (2755ms): search:hybrid:hybrid_cache_test_1772664900106:100

    [0m [90m 40 |[39m
     [90m 41 |[39m   [36mif[39m (elapsed [33m>[39m [35m200[39m) {
    [31m[1m>[22m[39m[90m 42 |[39m     console[33m.[39mwarn([32m`[search] Slow query (${elapsed}ms): ${cacheKey}`[39m)[33m;[39m
     [90m    |[39m             [31m[1m^[22m[39m
     [90m 43 |[39m   }
     [90m 44 |[39m
     [90m 45 |[39m   [90m// Cache asynchronously ΓÇö don't block the response[39m[0m

      at cachedSearch (src/controllers/search.controller.js:42:13)
      at src/controllers/search.controller.js:82:19

::ffff:127.0.0.1 - - [04/Mar/2026:22:55:04 +0000] "GET /api/search/hybrid?q=hybrid_cache_test_1772664900106 HTTP/1.1" 200 426 "-" "-"
::ffff:127.0.0.1 - - [04/Mar/2026:22:55:04 +0000] "GET /api/search/hybrid?q=hybrid_cache_test_1772664900106 HTTP/1.1" 200 426 "-" "-"
  console.log
    [search] Γ£à related posts HNSW query: 9ms

      at logTiming (src/services/searchService.js:7:11)

::ffff:127.0.0.1 - - [04/Mar/2026:22:55:04 +0000] "GET /api/search/related/4d5161b0-4c5d-4d6d-bfa1-c79808548076 HTTP/1.1" 200 2 "-" "-"
::ffff:127.0.0.1 - - [04/Mar/2026:22:55:04 +0000] "GET /api/search/related/00000000-0000-4000-8000-000000000000 HTTP/1.1" 200 2 "-" "-"
PASS src/__tests__/search.test.js (6.002 s)
  GET /api/search/keyword
    ΓêÜ 400 ΓÇö requires q param (13 ms)
    ΓêÜ 200 ΓÇö returns array with correct shape (121 ms)
    ΓêÜ 200 ΓÇö finds our published post by unique token (14 ms)
    ΓêÜ 200 ΓÇö returns empty array for nonsense query (25 ms)
    ΓêÜ 200 ΓÇö sets X-Response-Time header (17 ms)
  GET /api/search/semantic
    ΓêÜ 400 ΓÇö requires q param (12 ms)
    ΓêÜ 200 ΓÇö returns array with correct shape (242 ms)
    ΓêÜ 200 ΓÇö sets X-Cache header (HIT or MISS) (209 ms)
  GET /api/search/hybrid
    ΓêÜ 400 ΓÇö requires q param (7 ms)
    ΓêÜ 200 ΓÇö returns array with correct shape (465 ms)
    ΓêÜ 200 ΓÇö second call is a cache HIT (2778 ms)
  GET /api/search/related/:postId
    ΓêÜ 200 ΓÇö returns array for a valid post id (23 ms)
    ΓêÜ 200 ΓÇö returns empty array for a non-existent post id (10 ms)

  console.log
    Γ£à Environment variables validated

      at validateEnv (src/config/env.js:30:11)

  console.log
    Γ£à Redis connected

      at EventEmitter.<anonymous> (src/config/redis.js:9:45)

::ffff:127.0.0.1 - - [04/Mar/2026:22:55:06 +0000] "POST /api/auth/register HTTP/1.1" 201 927 "-" "-"
::ffff:127.0.0.1 - - [04/Mar/2026:22:55:06 +0000] "POST /api/auth/register HTTP/1.1" 409 43 "-" "-"
::ffff:127.0.0.1 - - [04/Mar/2026:22:55:06 +0000] "POST /api/auth/register HTTP/1.1" 409 43 "-" "-"
::ffff:127.0.0.1 - - [04/Mar/2026:22:55:06 +0000] "POST /api/auth/register HTTP/1.1" 400 131 "-" "-"
::ffff:127.0.0.1 - - [04/Mar/2026:22:55:06 +0000] "POST /api/auth/register HTTP/1.1" 400 197 "-" "-"
::ffff:127.0.0.1 - - [04/Mar/2026:22:55:07 +0000] "POST /api/auth/login HTTP/1.1" 200 945 "-" "-"
::ffff:127.0.0.1 - - [04/Mar/2026:22:55:07 +0000] "POST /api/auth/login HTTP/1.1" 401 31 "-" "-"
::ffff:127.0.0.1 - - [04/Mar/2026:22:55:07 +0000] "POST /api/auth/login HTTP/1.1" 401 31 "-" "-"
::ffff:127.0.0.1 - - [04/Mar/2026:22:55:07 +0000] "POST /api/auth/refresh HTTP/1.1" 200 676 "-" "-"
::ffff:127.0.0.1 - - [04/Mar/2026:22:55:07 +0000] "POST /api/auth/refresh HTTP/1.1" 401 34 "-" "-"
::ffff:127.0.0.1 - - [04/Mar/2026:22:55:07 +0000] "POST /api/auth/refresh HTTP/1.1" 403 33 "-" "-"
::ffff:127.0.0.1 - - [04/Mar/2026:22:55:07 +0000] "GET /api/auth/me HTTP/1.1" 200 261 "-" "-"
::ffff:127.0.0.1 - - [04/Mar/2026:22:55:07 +0000] "GET /api/auth/me HTTP/1.1" 401 33 "-" "-"
::ffff:127.0.0.1 - - [04/Mar/2026:22:55:07 +0000] "GET /api/auth/me HTTP/1.1" 403 25 "-" "-"
::ffff:127.0.0.1 - - [04/Mar/2026:22:55:07 +0000] "POST /api/auth/logout HTTP/1.1" 200 37 "-" "-"
::ffff:127.0.0.1 - - [04/Mar/2026:22:55:07 +0000] "POST /api/auth/logout HTTP/1.1" 401 33 "-" "-"
PASS src/__tests__/auth.test.js
  POST /api/auth/register
    ΓêÜ 201 ΓÇö creates user and returns tokens (724 ms)
    ΓêÜ 409 ΓÇö rejects duplicate email (16 ms)
    ΓêÜ 409 ΓÇö rejects duplicate username (14 ms)
    ΓêÜ 400 ΓÇö rejects invalid email format (12 ms)
    ΓêÜ 400 ΓÇö rejects short password (9 ms)
  POST /api/auth/login
    ΓêÜ 200 ΓÇö returns user + tokens on valid credentials (579 ms)
    ΓêÜ 401 ΓÇö rejects wrong password (599 ms)
    ΓêÜ 401 ΓÇö rejects unknown email (10 ms)
  POST /api/auth/refresh
    ΓêÜ 200 ΓÇö returns new access + refresh tokens (18 ms)
    ΓêÜ 401 ΓÇö rejects missing token body (8 ms)
    ΓêÜ 403 ΓÇö rejects a tampered refresh token (7 ms)
  GET /api/auth/me
    ΓêÜ 200 ΓÇö returns authenticated user profile (12 ms)
    ΓêÜ 401 ΓÇö rejects unauthenticated request (13 ms)
    ΓêÜ 403 ΓÇö rejects a tampered access token (9 ms)
  POST /api/auth/logout
    ΓêÜ 200 ΓÇö logs out the authenticated user (12 ms)
    ΓêÜ 401 ΓÇö rejects unauthenticated logout (9 ms)

Test Suites: 3 passed, 3 total
Tests:       46 passed, 46 total
Snapshots:   0 total
Time:        15.437 s
Ran all test suites.
Force exiting Jest: Have you considered using `--detectOpenHandles` to detect 
async operations that kept running after all tests finished?
